[   0.000000] Initializing cgroup subsys cpuset
[   0.000000] Initializing cgroup subsys cpu
[   .0000] Initializing cgrou sbss cpuact
    .0000] Linux version 4.4.0-134-generic (buidd@lgw01-amd64-033) (gcc version 5.4.0 20160609 (Ubuntu 5.4.06ubuntu116..04.10) ) #160Ubuntu MPWed Aug 15 14:58:00 UTC 218 (Uunu 4.4.0-134.160-generic 4.4.140)[    0.00000 Command line: BOOT_IMAGE=/boot/vmlinz-4.4.0-134-generic root=LABEL=cloudimg-rootfs ro console=tty1 console=ttyS0
[    0.000000] KERNL suppoted cpus:
[    0.00000]  ntel GenuineIntel
[    0.000000]   AMD AuthenticAMD
[   0.000000]   Centaur CentaurHauls
[    0.000000] x86/fpu: xstate_offset[2]:  576, xstate_sizes[2]:  256
[   0.00000] x86/fpu: Supporting XSAVE feture 0x01: 'x87 floating point registers'[    0.00000] x86/fpu: Supporting XSAVE feature 0x02: SSE reisters'
[   0.00000] x86/fpu: Suporting XSAVE feture 0x04: 'AVX registers'
[   0.000000] x86/fpu: Enabled xstae eatures 0x7, context size is 32 bytes, using 'standard' orat
[   0.000000] e820: BIOS-provided physical RAM map:
[    0.000000] BIOS-e820: [mem 0x0000000000000000-0x000000000009fbff] usable
[    0.000000] BIOS-e820: [em 0x000000000009fc00-0x000000000009ffff] reservd
[    0.000000] BIOS-e820: [mem 0x00000000000f0000-0x00000000000fffff] reserved
[   0.000000] BIOS-e820: [em 0x000000000100000-0x000000003ffeffff] usable
[   0.000000] BIOS-820: [mm 0x000000003fff0000-0x000000003fffffff] ACPI data
[   0.00000] BIS-e820: [mem 0x00000000fec0000-0x00000000fec00fff] reerved
[    .00000 BIOe820: [em0x00000000fe0000-0x00000000fee00fff] reserved
[   0.000000] BIOS-e82: [mem0x000000fffc0000-0x00000000ffffffff] reserved
[   .000000] NX (Execute Disable) protection: active
[    0.000000] SMBIOS2.5 prset.
[   0.000000] Hypervisor detected: KV
[   0.000000] e820: last_pfn = 0x3fff0 ma_arch_pfn 0x4000000
[    0.00000]MTR: Disable
[    0.000000]x8/PT: MTRR disabled, sippingPA initialization too.
[   0.000000] CPUMTRRsall blak  virtualized ystem.
[    0.00000] x86/PAT: onigraion [0-7]: WB  W  UC- C  WB  WT UC- C  
[   .0000] found SP MP-tbl at [mem 0x0009ff0-0x0009ffff] mapped at [ffff88000009fff0]
[    0.000000] Scanning 1 areas for low memory corruption
[    0.00000] RADISK: [mem 0x3630c000-0x3717dfff]
[    0.000000] ACPI: Early table checksum verification disabled
[    0.000000] ACPI: RSDP 0x00000000000E0000 000024 (v02 VBOX  )
[    0.00000] ACPI XSDT 0x000000003FF0030 00003C (v01 VBOX   VBOXXSDT 00000001 ASL  0000061)
[   0.000000] CPI: FACP 0x00000003FFF00F0 0000F4 (v04 VBOX   VBOXFCP 00000001 ASL  00000061)
[    0.000000] ACPI: DSDT 0x000000003FFF0470 0021FF (v02 VBOX   VBOXBIOS 00000002 INTL 20100528)
[    0.000000] ACI: FACS 0x00000003FFF0200 000040
[    0.000000] ACPI: FACS 0x00000000FFF020000000[    0.000000] ACPI:: APIC 0x000000003FF0240 00005C (v02 VBOX   VBOXAPIC 00000001 ASL  000001)
[    0.0000] ACPI: SDT 0x000000003FFF02A0 0001C (v01 VBOX   VBOXCPUT 00000002 INTL 20100528)
[   0.000000] No NUMA configuration found
[    0.000000] Faking a node at [mem 0x0000000000000000-0x000000003ffeffff]
[    0.000000] NODE_DATA(0) allocated [mem 0x3ffeb00-0x3ffeffff]
[    0.000000] kvm-clock: Using msrs 4b564d01 and 4b564d00
[    0.000000] kvm-clock: cpu 0, msr0:3ffe3001, primary cpu clck
[    0.000000] kvm-clock: using shed offset of 3684214940 cycles
[    0.000000] clocksource: kvm-clock: mask 0xfffffffffffffff max_cycles: 0x1cd42e4dffb, max_idle_ns: 881590591483 ns
[    0.000000] Zone rans:
[    0.000000]   DMA      [mem 0x000000000001000-0x0000000000ffffff]
[    0.000000]   DMA32    [mem 0x0000000001000000-0x000000003ffeffff]
[   0.000000]  Norma   empty
[    0.000000]   Device   mpy
[   0.00000] Movable zone tart fo each node
[   0.00000] Earl memory node ranges
[    0.000000]   node   0: [mem 0x0000000000001000-0x000000000009efff]
[    0.000000]   node   0: [mem 0x0000000000100000-0x00000003ffefff]
[    0.000000] Intmem seup nod 0 [mem 0x0000000000001000-0x000000003feffff]
[    000000] ACPI:PM-Timer O Port: 0x4008
[    0.00000] IOPIC[0]: apic_id 2, version 32, address 0xfec00000, GSI 0-23
[    0.000000] ACPI: INT_SRC_OVR (bus 0 bus_iq 0 global_irq2 dfl dfl)
[   0.000000] ACPI: INT_SRC_OVR (bus 0 bu_irq 9 global_irq 9lo level
[    0.00000] Using ACPI (MADT) for SMP configuration information
[    0.000000] smpboot: Allowing 2 CPUs, 0 hotplug CPUs
[    0.000000] PM: Registered nosave memory: [mem 0x00000000-0x00000fff]
[    0.000000] PM: Registered nosave memory: [mem 0x0009f000-0x0009ffff]
[   0.000000] PM: Registered nosave memory: [mem 0x000a0000-0x000effff]
[    0.00000] PM: Registered nosave memory: [mem 0x000f0000-0x000fffff]
[   .000000] e820: [mem 0x40000000-0xfebfffff] availabl fr PCI devces
[   0.000000] Booting paravirtalzed kenel on KVM
[    0.000000] clocksource: reinedjifies: mask: 0xffffffff max_cycles: 0xffffffff, max_idle_n: 765519600211568 s
[    0.000000] setup_percpu: NR_CPUS:512 nr_cpumask_bit:512 nr_cpu_ids:2 nr_node_ids:1
[   .000000] PERCPU: Embedded 34 pages/cpu @ffff88003fc00000 s99544 r8192 d31528 u1048576
[   0.000000] P qspinlock hah able entries: 256 (order: 0, 4096bytes)[    0.00000]Built 1 zoelists in Ndeorder, oblity grouping on.  Total pages: 257912
[   .00000] Policy zone: DMA32
[    0.0000]Kerne command line: BOOT_IMAGE=/boot/mlinuz4.4.0134-generic rot=LABEL=couimg-rootfsro consle=tty1 console=tyS0
[   .000000] PID hash table entries: 4096 (order: 3, 3268byes)
[   0.000000] Memory: 997724K/048120K vailable (854K kernel code, 1314K rwdata, 4004K rodata, 1516K init, 316K bss, 50396K reserved, 0K cma-reserved)
[   .00000] SLUB:HWalign=64, Orer0-3, MinObjects=0, CPUs=2, Nodes=1
[   0.000000] Kernel/User page tbles isolation: enabled
[    0.000000] Hierachical RCU implementation.
[    0.000000] 	Build-time adjustment of leaf fanout to 64.
[    0.000000] 	RCU restricting CPUs from NR_CPUS=512 to nr_cpu_ids=2.
[    0.000000] CU: Adjusting geometry for rcu_fanout_leaf=64, nr_cpu_ids=2
[    0.000000] NR_IRQ:3304 nr_irqs:44016
   0.00000] CConsole: colour VGA+ 80x25
[   0.00000] cnsole [tty1 ennabld
[    0.00000] consol [tyS0] enabled
[  0.000000 tc: Detected 2194.918 MHz processor
[    4.682991] Calibrating delay loop (skipped) preset value.. 4389.83 BogoMIPS (lpj=8779672)
[    4.713046] pid_max: default: 32768 minimum: 301
[    4.728112] ACPI: Core revision 20150930
[    4.736398] ACPI: 2 ACPI AML tables successfully acquired and loaded
[    4.764760] Security Framework initialized
[    4.766156] Yama: becoming mindful.
[    4.780504] AppArmor: AppArmor initialized
[    4.795746] Dentry cache hash table entries: 131072 (order: 8, 1048576 bytes)
[    4.826139] Inode-cache hash table entries: 65536 (order: 7, 524288 bytes)
[    4.840366] Mount-cache hash table entries: 2048 (order: 2, 16384 bytes)
[    4.860657] Mountpoint-cache hash table entries: 2048 (order: 2, 16384 bytes)
[    4.881036] Initializing cgroup subsys io
[    4.900191] Initializing cgroup subsys memory
[    4.908752] Initializing cgroup subsys devices
[    4.927729] Initializing cgroup subsys freezer
[    4.942714] Initializing cgroup subsys net_cls
[    4.962400] Initializing cgroup subsys perf_event
[    4.977411] Initializing cgroup subsys net_prio
[    4.982125] Initializing cgroup subsys hugetlb
[    5.003208] Initializing cgroup subsys pids
[    5.017087] mce: CPU supports 0 MCE banks
[    5.020896] Last level iTLB entries: 4KB 1024, 2MB 1024, 4MB 1024
[    5.028755] Last level dTLB entries: 4KB 1024, 2MB 1024, 4MB 1024, 1GB 4
[    5.040285] Spectre V2 : Mitigation: Full generic retpoline
[    5.069236] Spectre V2 : Speculation control IBPB not-supported IBRS not-supported
[    5.084749] Speculative Store Bypass: Vulnerable
[    5.104515] Freeing SMP alternatives memory: 32K
[    5.124535] ftrace: allocating 32266 entries in 127 pages
[    5.210971] smpboot: APIC(0) Converting physical 0 to logical package 0
[    5.224516] smpboot: Max logical packages: 1
[    5.240518] x2apic enabled
[    5.268519] Switched APIC routing to physical x2apic.
[    5.297172] ..TIMER: vector=0x30 apic1=0 pin1=2 apic2=-1 pin2=-1
[    5.435894] smpboot: CPU0: Intel(R) Core(TM) i7-4770HQ CPU @ 2.20GHz (family: 0x6, model: 0x46, stepping: 0x1)
[    5.461361] Performance Events: unsupported p6 CPU model 70 no PMU driver, software events only.
[    5.482753] KVM setup paravirtual spinlock
[    5.491297] x86: Booting SMP configuration:
[    5.498583] .... node  #0, CPUs:      #1
[    5.500368] kvm-clock: cpu 1, msr 0:3ffe3041, secondary cpu clock
[    5.503322] mce: CPU supports 0 MCE banks
[    5.506626] x86: Booted up 1 node, 2 CPUs
[    5.508537] smpboot: Total of 2 processors activated (8779.67 BogoMIPS)
[    5.511404] devtmpfs: initialized
[    5.515232] evm: security.selinux
[    5.516481] evm: security.SMACK64
[    5.517709] evm: security.SMACK64EXEC
[    5.519129] evm: security.SMACK64TRANSMUTE
[    5.520712] evm: security.SMACK64MMAP
[    5.522005] evm: security.ima
[    5.523121] evm: security.capability
[    5.524655] clocksource: jiffies: mask: 0xffffffff max_cycles: 0xffffffff, max_idle_ns: 7645041785100000 ns
[    5.529757] futex hash table entries: 512 (order: 3, 32768 bytes)
[    5.532783] pinctrl core: initialized pinctrl subsystem
[    5.534757] RTC time: 22:03:55, date: 08/30/18
[    5.536504] NET: Registered protocol family 16
[    5.547723] cpuidle: using governor ladder
[    5.560020] cpuidle: using governor menu
[    5.563152] PCCT header not found.
[    5.579640] ACPI: bus type PCI registered
[    5.593704] acpiphp: ACPI Hot Plug PCI Controller Driver version: 0.5
[    5.613639] PCI: Using configuration type 1 for base access
[    5.642122] ACPI: Added _OSI(Module Device)
[    5.649632] ACPI: Added _OSI(Processor Device)
[    5.656411] ACPI: Added _OSI(3.0 _SCP Extensions)
[    5.667807] ACPI: Added _OSI(Processor Aggregator Device)
[    5.693413] ACPI: Executed 1 blocks of module-level executable AML code
[    5.706283] ACPI: Interpreter enabled
[    5.720266] ACPI: (supports S0 S5)
[    5.731575] ACPI: Using IOAPIC for interrupt routing
[    5.738222] PCI: Using host bridge windows from ACPI; if necessary, use "pci=nocrs" and report a bug
[    5.768696] ACPI: PCI Root Bridge [PCI0] (domain 0000 [bus 00-ff])
[    5.791572] acpi PNP0A03:00: _OSC: OS supports [ASPM ClockPM Segments MSI]
[    5.800626] acpi PNP0A03:00: _OSC: not requesting OS control; OS requires [ExtendedConfig ASPM ClockPM MSI]
[    5.816655] acpi PNP0A03:00: fail to add MMCONFIG information, can't access extended PCI configuration space under this bridge.
[    5.830509] PCI host bridge to bus 0000:00
[    5.843773] pci_bus 0000:00: root bus resource [io  0x0000-0x0cf7 window]
[    5.856795] pci_bus 0000:00: root bus resource [io  0x0d00-0xffff window]
[    5.869806] pci_bus 0000:00: root bus resource [mem 0x000a0000-0x000bffff window]
[    5.885089] pci_bus 0000:00: root bus resource [mem 0x40000000-0xfdffffff window]
[    5.890614] pci_bus 0000:00: root bus resource [bus 00-ff]
[    5.910360] pci 0000:00:01.1: legacy IDE quirk: reg 0x10: [io  0x01f0-0x01f7]
[    5.916001] pci 0000:00:01.1: legacy IDE quirk: reg 0x14: [io  0x03f6]
[    5.931802] pci 0000:00:01.1: legacy IDE quirk: reg 0x18: [io  0x0170-0x0177]
[    5.946463] pci 0000:00:01.1: legacy IDE quirk: reg 0x1c: [io  0x0376]
[    5.978750] pci 0000:00:07.0: quirk: [io  0x4000-0x403f] claimed by PIIX4 ACPI
[    5.999124] pci 0000:00:07.0: quirk: [io  0x4100-0x410f] claimed by PIIX4 SMB
[    6.023608] ACPI: PCI Interrupt Link [LNKA] (IRQs 5 9 10 *11)
[    6.040194] ACPI: PCI Interrupt Link [LNKB] (IRQs 5 9 *10 11)
[    6.057446] ACPI: PCI Interrupt Link [LNKC] (IRQs 5 *9 10 11)
[    6.077740] ACPI: PCI Interrupt Link [LNKD] (IRQs 5 9 10 *11)
[    6.096370] ACPI: Enabled 2 GPEs in block 00 to 07
[    6.106120] vgaarb: setting as boot device: PCI:0000:00:02.0
[    6.112688] vgaarb: device added: PCI:0000:00:02.0,decodes=io+mem,owns=io+mem,locks=none
[    6.128102] vgaarb: loaded
[    6.129429] vgaarb: bridge control possible 0000:00:02.0
[    6.144317] SCSI subsystem initialized
[    6.148308] ACPI: bus type USB registered
[    6.156164] usbcore: registered new interface driver usbfs
[    6.162376] usbcore: registered new interface driver hub
[    6.176232] usbcore: registered new device driver usb
[    6.189248] PCI: Using ACPI for IRQ routing
[    6.202243] NetLabel: Initializing
[    6.211705] NetLabel:  domain hash size = 128
[    6.222743] NetLabel:  protocols = UNLABELED CIPSOv4
[    6.233060] NetLabel:  unlabeled traffic allowed by default
[    6.245972] amd_nb: Cannot enumerate AMD northbridges
[    6.252396] clocksource: Switched to clocksource kvm-clock
[    6.281227] AppArmor: AppArmor Filesystem Enabled
[   .30870] np PnP ACPI init
[    6.431140] pnp: PnP ACPI: found 3 devics

[    6.470515] clocksorce: api_pm: mak: xfffff max_cyces: 0xffffff, max_idle_ns: 2085701024 ns
[    6.624606] NET: Registered protoco family 2

[    6.658772] TCP established hash table entries: 8192 (order: 4, 65536 bytes)
[    6.663502] TCP bind hash table entries: 8192 (orde: 5, 131072 byte)[    6.74795] TP:Hah ables confgured (estalihed 8192 bind 8192)
[    6.959832] UDP hash table entries: 512 (order: 2, 16384 ytes)
[   6.987326] UDPLite hsh tablentries: 512 (order: 2, 16384 bytes)
[    7.121860] NET: Registered protocol family 1
[   7.124850] pci 0000:00:00.0: Limiting direct PI/CI trasfers
[    7.228275] pc 000:00:010: ActiatngISA DMAhang workarounds
[   .4660]Unpacking initramfs...

[    7.801287] Freeing initrd memory: 14792K
[    7.803923] platform rtc_cmos: registered platform RTC device (no PNP device found)
[    7.816309] Scanning for low memory corruption every 60 seconds
[    7.819036] audit: initializing netlink subsys (disabled)
[    7.825769] audit: type=2000 audit(1535666637.166:1): initialized
[    7.827525] Initialise system trusted keyring
[    7.837704] HugeTLB registered 2 MB page size, pre-allocated 0 pages
[    7.866574] zbud: loaded
[    7.874197] VFS: Disk quotas dquot_6.6.0
[    7.879429] VFS: Dquot-cache hash table entries: 512 (order 0, 4096 bytes)
[    7.893354] squashfs: version 4.0 (2009/01/31) Phillip Lougher
[    7.913130] fuse init (API version 7.23)
[    7.925614] Key type big_key registered
[    7.945211] Allocating IMA MOK and blacklist keyrings.

[    7.981281] Key type asymmetric registered
[    7.993422] Asymmetric key parser 'x509' registered
[    7.998216] Block layer SCSI generic (bsg) driver version 0.4 loaded (major 249)
[    8.025603] io scheduler noop registered
[    8.038460] io scheduler deadline registered (default)
[    8.045687] io scheduler cfq registered
[    8.049960] pci_hotplug: PCI Hot Plug PCI Core version: 0.5
[    8.058292] pciehp: PCI Express Hot Plug Controller Driver version: 0.4
[    8.078416] ACPI: AC Adapter [AC] (on-line)
[    8.085336] input: Power Button as /devices/LNXSYSTM:00/LNXPWRBN:00/input/input0
[    8.117667] ACPI: Power Button [PWRF]
[    8.121661] input: Sleep Button as /devices/LNXSYSTM:00/LNXSLPBN:00/input/input1
[    8.146657] ACPI: Sleep Button [SLPF]
[    8.157821] GHES: HEST is not enabled!
[    8.158993] ACPI: Battery Slot [BAT0] (battery present)
[    8.174590] Serial: 8250/16550 driver, 32 ports, IRQ sharing enabled
ÿ[    8.08621]0002: ttyS0 at I/O 0x3f8 (irq = 4, base_baud = 115200) is a 16550A
[   .30989] Linux agpgart interface v0.103

[    8.385206] loop: module loaded
[    8.390736] scsi host0: ata_piix
[    8.401740] scsi host1: ata_piix
[    8.417735] ata1: PATA max UDMA/33 cmd 0x1f0 ctl 0x3f6 bmdma 0xd000 irq 14
[    8.440978] ata2: PATA max UDMA/33 cmd 0x170 ctl 0x376 bmdma 0xd008 irq 15
[    8.443364] libphy: Fixed MIO Bus: probed

[    8.478985] tun: Universal TUN/TP device driver, 1.6
[   .57210] tun: (C) 1999-2004 ax Krasnyansk <maxk@qulcmm.com>
[    8.760015] PPP generic drver version 2.4.2

[    8.789356] ehci_hcd: USB 2.0 'Enhanced' Host Controller (EHCI) Driver
[    8.813147] tsc: Refined TSC clocksource calibration: 2195.981 MHz
[    8.819531] clocksource: tsc: mask: 0xffffffffffffffff max_cycles: 0x1fa75e2c9ea, max_idle_ns: 440795206798 ns
[    8.819727] ehci-pci: EHCI PCI platform driver
[    8.819847] ehci-platform: EHCI generic platform driver
[    8.819890] ohci_hcd: USB 1.1 'Open' Host Controller (OHCI) Driver
[    8.819899] ohci-pci: OHCI PCI platform driver
[    8.819916] ohci-platform: OHCI generic platform driver
[    8.819928] uhci_hcd: USB Universal Host Controller Interface driver
[    8.820129] i8042: PNP: PS/2 Controller [PNP0303:PS2K,PNP0f03:PS2M] at 0x60,0x64 irq 1,12
[    8.825359] serio: i8042 KBD port at 0x60,0x64 irq 1
[    8.825372] serio: i8042 AUX port at 0x60,0x64 irq 12
[    8.832634] mousedev: PS/2 mouse device common for all mice
[    8.833270] rtc_cmos rtc_cmos: rtc core: registered rtc_cmos as rtc0
[    8.833326] rtc_cmos rtc_cmos: alarms up to one day, 114 bytes nvram
[    8.833333] i2c /dev entries driver
[    8.833392] device-mapper: uevent: version 1.0.3
[    8.833441] device-mapper: ioctl: 4.34.0-ioctl (2015-10-28) initialised: dm-devel@redhat.com
[    8.833462] ledtrig-cpu: registered to indicate activity on CPUs
[    8.833723] NET: Registered protocol family 10
[    8.833887] NET: Registered protocol family 17
[    8.833899] Key type dns_resolver registered
[    8.834145] registered taskstats version 1
[    8.834156] Loading compiled-in X.509 certificates
[    8.834762] Loaded X.509 cert 'Build time autogenerated kernel key: 4eb3d024ac16f76c1747ffd474694c84db21038b'
[    8.834780] zswap: loaded using pool lzo/zbud
[    8.844259] Key type trusted registered
[    8.848419] Key type encrypted registered
[    8.848426] AppArmor: AppArmor sha1 policy hashing enabled
[    8.848429] ima: No TPM chip found, activating TPM-bypass!
[    8.848433] ima: Allocated hash algorithm: sha1
[    8.848446] evm: HMAC attrs: 0x1
[    8.849133]   Magic number: 14:116:99
[    8.853364] rtc_cmos rtc_cmos: setting system clock to 2018-08-30 22:03:58 UTC (1535666638)
[    8.853520] BIOS EDD facility v0.16 2004-Jun-25, 0 devices found
[    8.853520] EDD information not available.
[    8.905037] input: AT Translated Set 2 keyboard as /devices/platform/i8042/serio0/input/input2
[    9.166831] Freeing unused kernel memory: 1516K
[    9.188616] Write protecting the kernel read-only data: 14336k
[    9.195572] Freeing unused kernel memory: 1672K
[    9.203333] Freeing unused kernel memory: 92K
Loading, please wait...
starting version[    9.237839] random: systemd-udevd: uninitialized urandom read (16 bytes read, 3 bits of entropy available)
 229
[    9.238444] random: udevadm: uninitialized urandom read (16 bytes read, 3 bits of entropy available)
[    9.238459] random: udevadm: uninitialized urandom read (16 bytes read, 3 bits of entropy available)
[    9.246622] random: udevadm: uninitialized urandom read (16 bytes read, 3 bits of entropy available)
[    9.246726] random: udevadm: uninitialized urandom read (16 bytes read, 3 bits of entropy available)
[    9.246887] random: udevadm: uninitialized urandom read (16 bytes read, 3 bits of entropy available)
[    9.246940] random: udevadm: uninitialized urandom read (16 bytes read, 3 bits of entropy available)
[    9.247002] random: udevadm: uninitialized urandom read (16 bytes read, 3 bits of entropy available)
[    9.247053] random: udevadm: uninitialized urandom read (16 bytes read, 3 bits of entropy available)
[    9.247100] random: udevadm: uninitialized urandom read (16 bytes read, 3 bits of entropy available)
[    9.480097] e1000: Intel(R) PRO/1000 Network Driver - version 7.3.21-k8-NAPI
[    9.495432] e1000: Copyright (c) 1999-2006 Intel Corporation.
[    9.510225] Fusion MPT base driver 3.04.20
[    9.525510] Copyright (c) 1999-2008 LSI Corporation
[    9.531575] Fusion MPT SPI Host driver 3.04.20
[    9.565865] AVX2 version of gcm_enc/dec engaged.
[    9.577802] AES CTR mode by8 optimization enabled
[    9.805071] input: ImExPS/2 Generic Explorer Mouse as /devices/platform/i8042/serio1/input/input4
[    9.935754] e1000 0000:00:03.0 eth0: (PCI:33MHz:32-bit) 02:93:23:4d:82:b3
[   10.177529] e1000 0000:00:03.0 eth0: Intel(R) PRO/1000 Network Connection
[   11.330683] e1000 0000:00:08.0 eth1: (PCI:33MHz:32-bit) 08:00:27:b0:3f:ea
[   12.293538] e1000 0000:00:08.0 eth1: Intel(R) PRO/1000 Network Connection
[   12.303194] mptbase: ioc0: Initiating bringup
[   12.304168] e1000 0000:00:08.0 enp0s8: renamed from eth1
[   12.314591] e1000 0000:00:03.0 enp0s3: renamed from eth0
[   12.369366] ioc0: LSI53C1030 A0: Capabilities={Initiator}
[   12.562438] scsi host2: ioc0: LSI53C1030 A0, FwRev=00000000h, Ports=1, MaxQ=256, IRQ=20
[   12.681314] scsi 2:0:0:0: Direct-Access     VBOX     HARDDISK         1.0  PQ: 0 ANSI: 5
[   12.705637] scsi target2:0:0: Beginning Domain Validation
[   12.717763] scsi target2:0:0: Domain Validation skipping write tests
[   12.719475] scsi target2:0:0: Ending Domain Validation
[   12.730208] scsi target2:0:0: asynchronous
[   12.748294] scsi 2:0:1:0: Direct-Access     VBOX     HARDDISK         1.0  PQ: 0 ANSI: 5
[   12.779919] scsi target2:0:1: Beginning Domain Validation
[   12.799850] scsi target2:0:1: Domain Validation skipping write tests
[   12.810679] scsi target2:0:1: Ending Domain Validation
[   12.820754] scsi target2:0:1: asynchronous
[   12.847987] sd 2:0:0:0: Attached scsi generic sg0 type 0
[   12.868574] sd 2:0:0:0: [sda] 20971520 512-byte logical blocks: (10.7 GB/10.0 GiB)
[   12.886378] sd 2:0:1:0: Attached scsi generic sg1 type 0
[   12.886968] sd 2:0:1:0: [sdb] 20480 512-byte logical blocks: (10.5 MB/10.0 MiB)
[   12.887398] sd 2:0:1:0: [sdb] Write Protect is off
[   12.887654] sd 2:0:1:0: [sdb] Incomplete mode parameter data
[   12.887656] sd 2:0:1:0: [sdb] Assuming drive cache: write through
[   12.892999] sd 2:0:0:0: [sda] Write Protect is off
[   12.893240] sd 2:0:0:0: [sda] Incomplete mode parameter data
[   12.893242] sd 2:0:0:0: [sda] Assuming drive cache: write through
[   12.895136] sd 2:0:1:0: [sdb] Attached SCSI disk
[   12.896962]  sda: sda1
[   12.897860] sd 2:0:0:0: [sda] Attached SCSI disk
Begin: Loading e[   14.360445] md: linear personality registered for level -1
ssential drivers[   14.376312] md: multipath personality registered for level -4
 ... [   14.395300] md: raid0 personality registered for level 0
[   14.425703] md: raid1 personality registered for level 1
[   14.508502] raid6: sse2x1   gen()  8337 MB/s
[   14.580467] raid6: sse2x1   xor()  5969 MB/s
[   14.648907] raid6: sse2x2   gen()  9604 MB/s
[   14.720498] raid6: sse2x2   xor()  7549 MB/s
[   14.801554] raid6: sse2x4   gen() 13005 MB/s
[   14.880534] raid6: sse2x4   xor()  7437 MB/s
[   14.948546] raid6: avx2x1   gen() 16003 MB/s
[   15.020452] raid6: avx2x2   gen() 18291 MB/s
[   15.096464] raid6: avx2x4   gen() 21194 MB/s
[   15.101739] raid6: using algorithm avx2x4 gen() 21194 MB/s
[   15.112640] raid6: using avx2x2 recovery algorithm
[   15.119274] xor: automatically using best checksumming function:
[   15.168470]    avx       : 28109.000 MB/sec
[   15.188777] async_tx: api initialized (async)
[   15.206096] md: raid6 personality registered for level 6
[   15.228445] md: raid5 personality registered for level 5
[   15.235275] md: raid4 personality registered for level 4
[   15.250088] md: raid10 personality registered for level 10
done.
Begin: Running /scripts/init-premount ... done.
Begin: Mounting root file system ... Begin: Running /scripts/local-top ... done.
Begin: Running /scripts/loc[   15.303469] Btrfs loaded
al-premount ... Scanning for Btrfs filesystems
done.
Warning: fsck not present, so skipping root file system
[   15.346167] EXT4-fs (sda1): mounted filesystem with ordered data mode. Opts: (null)
done.
Begin: Running /scripts/local-bottom ... done.
Begin: Running /scripts/init-bottom ... done.
[   15.456021] systemd[1]: systemd 229 running in system mode. (+PAM +AUDIT +SELINUX +IMA +APPARMOR +SMACK +SYSVINIT +UTMP +LIBCRYPTSETUP +GCRYPT +GNUTLS +ACL +XZ -LZ4 +SECCOMP +BLKID +ELFUTILS +KMOD -IDN)
[   15.478717] systemd[1]: Detected virtualization oracle.
[   15.485377] systemd[1]: Detected architecture x86-64.

Welcome to [1mUbuntu 16.04.5 LTS[0m!

[   5.52917] ysemd[1] Sethotname to <ubuntu>.

[   15.712007] systemd[1]: Initializing machine ID from random generator.
[   15.718521] systemd[1]: Installed transient /etc/machine-id file.
[   15.861244] systemd[1]: Created slice System Slice.
[[0;32m  OK  [0m] Created slice System Slice.
[   15.868934] systemd[1]: Reached target User and Group Name Lookups.
[[0;32m  OK  [0m] Reached target User and Group Name Lookups.
[   15.890015] systemd[1]: Listening on Journal Socket (/dev/log).
[[0;32m  OK  [0m] Listening on Journal Socket (/dev/log).
[   15.921687] systemd[1: isening on Dvice-mappe eent demn FIFOs

[[0;32m  OK  [0m] Listening on Device-mapper event daemon FIFOs.
[   6.163610 systemd1] Listening o Journal Socket.
[[0;32m  OK  [0m] Listening on Journal Socket.
[   16.337346] systemd[1]: Mounting POSIX Message Queue File System...
         Mounting POSIX Message Queue File System...
[   16.357974] systemd[1]: Starting Nameserver information manager...
         Starting Nameserver information manager...
[   16.405292] systemd[1]: Starting Uncomplicated firewall...
         Starting Uncomplicated firewall...
[   16.432957] systemd[1] Listening on /devinitctl Compatiility amd Pipe.

[[0;32m  OK  [0m] Listening on /dev/initctl Compatibility Named Pipe.
[  16.622903] systemd[1]: Set up automount Arbitrary ExecutableFile FormtsFileSyte Autoount Point.

[[0;32m  OK  [0m] Set up automount Arbitrary Executab...ats File System Automount Point.
[   16.829304] systemd[1]: Reached target System Time Synchronized.
[[0;32m  OK  [0m] Reached target System Time Synchronized.
[   16.848688] systemd[1]: Starting Create list of required static device nodes for the current kernel...
         Starting Create list of required st... nodes for the current kernel...
[   16.861107] systemd[1]: Listening on udev Control Socket.
[[0;32m  OK  [0m] Listening on udev Control Socket.
[   16.869350] systemd[1]: Starting Remount Root and Kernel File Systems...
         Starting Remount Root and Kernel File Systems...
[   16.876138] systemd[1]: Listening on udev Kernel Socket.
[   16.877676] EXT4-fs (sda1): re-mounted. Opts: (null)
[[0;32m  OK  [0m] Listening on udev Kernel Socket.
[   16.896890] systemd[1]: Reached target Encrypted Volumes.
[[0;32m  OK  [0m] Reached target Encrypted Volumes.
[   16.945040] systemd[1]: Mounting Huge Pages File System...
         Mounting Huge Pages File System...
[   16.961315] systemd[1]: Listening on LVM2 poll daemon socket.
[[0;32m  OK  [0m] Listening on LVM2 poll daemon socket.
[   17.185137] systemd[1]: Starting Load Kernel Modules...
         Starting Load Kernel Modules...
[   17.194314] systemd[1]: Starting Set console keymap...
         [   17.197656] Loading iSCSI transport class v2.0-870.
Starting Set console keymap...
[   17.221096] iscsi: registered transport (tcp)
[   17.221186] systemd[1]: Started Trigger resolvconf update for networkd DNS.
[[0;32m  OK  [0m] Started Trigger resolvconf update for networkd DNS.
[   17.256991] systemd[1]: Created slice system-serial\x2dgetty.slice.
[[0;32m  OK  [0m] Created slice[   17.277190] iscsi: registered transport (iser)
 system-serial\x2dgetty.slice.
[   17.298125] systemd[1]: Listening on LVM2 metadata daemon socket.
[[0;32m  OK  [0m] Listening on LVM2 metadata daemon socket.
[  1.35132 systemd[1] Sarted Forward Password Requests to Wall Directory Watch.
[   17.479276] random: nonblocking pool is initialized
[[0;32m  OK  [0m] Started Forward Password Requests to Wall Directory Watch.
[  1.5246]systemd1] Racedtage Swa.
[[0;32m  OK  [0m] Reached target Swap.
[  17.864897] systemd[1]: istening on Journa Audit Socket.
[[0;32m  OK  [0m] Listening on Journal Audit Socket.
[   17.970555] systemd[1]: Listening on Syslog Socket.
[[0;32m  OK  [0m] Listening on Syslog Socket.
[   18.184702] systemd[1]: Starting Journal Service...
         Starting Journal Service...
[   18.202453] systemd[1]: Mounting Debug File System...
         Mounting Debug File System...
[   18.221879] systemd[1]: Created slice User and Session Slice.
[[0;32m  OK  [0m] Created slice User and Session Slice.
[   18.247223] systemd[1]: Reached target Slices.
[[0;32m  OK  [0m] Reached target Slices.
[   18.305147] systemd[1]: Starting Monitoring of LVM2 mirrors, snapshots etc. using dmeventd or progress polling...
         Starting Monitoring of LVM2 mirrors... dmeventd or progress polling...
[   18.339037] systemd[1]: Mounted POSIX Message Queue File System.
[[0;32m  OK  [0m] Mounted POSIX Message Queue File System.
[   18.352955] syted[1]: Muned Debug File System.
[[0;32m  OK  [0m] Mounted Debug File System.
[  18.52362] systmd[1]: Mounte Huge Pages File System.
[[0;32m  OK  [0m] Mounted Huge Pages File System.
[   18.65080] ysemd[1] Started Journal Service.
[[0;32m  OK  [0m] Started Journal Service.
[[0;32m  OK  [0m] Started Uncomplicated firewall.
[[0;32m  OK  [0m] Started Create list of required sta...ce nodes for the current kernel.
[[0;32m  OK  [0m] Started Remount Root and Kernel File Systems.
[[0;32m  OK  [0m] Started Load Kernel Modules.
[[0;32m  OK  [0m] Started Set console keymap.
[[0;32m  OK  [0m] Started Nameserver information manager.
[[0;32m  OK  [0m] Started LVM2 metadata daemon.
         Starting Apply Kernel Variables...
         Mounting FUSE Control File System...
         Starting Load/Save Random Seed...
         Starting udev Coldplug all Devices...
         Starting Create Static Device Nodes in /dev...
         Starting Flush Journal to Persistent Storage...
[[0;32m  OK  [0m] Mounted FUSE Control File System.
[[0;32m  OK  [0m] Started Apply Kernel Variables.
[[0;32m  OK  [0m] Started Load/Save Random Seed.
[[0;32m  OK  [0m] Started Create Static Device Nodes in /dev.
[[0;32m  OK  [0m] Started udev Coldplug all Devices.
[[0;32m  OK  [0m] Started Flush Journal to Persistent Storage.
         Starting udev Kernel Device Manager...
[[0;32m  OK  [0m] Started udev Kernel Device Manager.
[[0;32m  OK  [0m] Started Dispatch Password Requests to Console Directory Watch.
[[0;32m  OK  [0m] Found device /dev/ttyS0.
[[0;32m  OK  [0m] Listening on Load/Save RF Kill Switch Status /dev/rfkill Watch.
[[0;32m  OK  [0m] Started Monitoring of LVM2 mirrors,...ng dmeventd or progress polling.
[[0;32m  OK  [0m] Reached target Local File Systems (Pre).
[[0;32m  OK  [0m] Reached target Local File Systems.
         Starting Set console font and keymap...
         Starting Create Volatile Files and Directories...
         Starting Tell Plymouth To Write Out Runtime Data...
         Starting Initial cloud-init job (pre-networking)...
         Starting Commit a transient machine-id on disk...
         Starting LSB: AppArmor initialization...
[[0;32m  OK  [0m] Started Create Volatile Files and Directories.
[[0;32m  OK  [0m] Started Tell Plymouth To Write Out Runtime Data.
[[0;32m  OK  [0m] Started Commit a transient machine-id on disk.
         Starting Update UTMP about System Boot/Shutdown...
[[0;32m  OK  [0m] Started Update UTMP about System Boot/Shutdown.
[[0;32m  OK  [0m] Started Set console font and keymap.
[[0;32m  OK  [0m] Created slice system-getty.slice.
[[0;32m  OK  [0m] Started LSB: AppArmor initialization.
[   15.866453] cloud-init[629]: Cloud-init v. 18.3-9-g2e62cb8a-0ubuntu1~16.04.2 running 'init-local' at Thu, 30 Aug 2018 22:04:10 +0000. Up 15.39 seconds.
[[0;32m  OK  [0m] Started Initial cloud-init job (pre-networking).
[[0;32m  OK  [0m] Reached target Network (Pre).
         Starting Raise network interfaces...
[[0;32m  OK  [0m] Started Raise network interfaces.
[[0;32m  OK  [0m] Reached target Network.
         Starting Initial cloud-init job (metadata service crawler)...
[   17.045944] cloud-init[944]: Cloud-init v. 18.3-9-g2e62cb8a-0ubuntu1~16.04.2 running 'init' at Thu, 30 Aug 2018 22:04:11 +0000. Up 16.52 seconds.
[   17.063816] cloud-init[944]: ci-info: ++++++++++++++++++++++++++++++++++++++Net device info+++++++++++++++++++++++++++++++++++++++
[   17.092646] cloud-init[944]: ci-info: +--------+-------+----------------------------+---------------+--------+-------------------+
[   17.104550] cloud-init[944]: ci-info: | Device |   Up  |          Address           |      Mask     | Scope  |     Hw-Address    |
[   17.112564] cloud-init[944]: ci-info: +--------+-------+----------------------------+---------------+--------+-------------------+
[   17.129914] cloud-init[944]: ci-info: | enp0s3 |  True |         10.0.2.15          | 255.255.255.0 | global | 02:93:23:4d:82:b3 |
[[   17.130824] [0;32m  OK  [0mcloud-init] [944]: Started Initial cloud-init job (metadata service crawler).ci-info: | enp0s3 |  True | fe80::93:23ff:fe4d:82b3/64 |       .       |  link  | 02:93:23:4d:82:b3 |

[   17.131688] cloud-init[944]: ci-info: | enp0s8 | False |             .              |       .       |   .    | 08:00:27:b0:3f:ea |
[   17.164943] cloud-init[944]: ci-info: |   lo   |  True |         127.0.0.1          |   255.0.0.0   |  host  |         .         |
[   17.165271] cloud-init[944]: ci-info: |   lo   |  True |          ::1/128           |       .       |  host  |         .         |
[[0;32m  OK  [0m] Reached target Network is Online.
[   17.165596] cloud-init[944]: ci-info: +--------+-------+----------------------------+---------------+--------+-------------------+
[   17.186043] cloud-init[944]: ci-info: +++++++++++++++++++++++++++Route IPv4 info++++++++++++++++++++++++++++
[   17.189208] cloud-init[944]: ci-info: +-------+-------------+----------+---------------+-----------+-------+
[   17.196912] cloud-init[944]: ci-info: | Route | Destination | Gateway  |    Genmask    | Interface | Flags |
         Starting iSCSI initiator daemon (iscsid)...
[   17.198459] cloud-init[944]: ci-info: +-------+-------------+----------+---------------+-----------+-------+
[   17.210060] cloud-init[944]: ci-info: |   0   |   0.0.0.0   | 10.0.2.2 |    0.0.0.0    |   enp0s3  |   UG  |
[[0;32m  OK  [0m] Reached target Cloud-config availability.
[   17.210763] cloud-init[944]: ci-info: |   1   |   10.0.2.0  | 0.0.0.0  | 255.255.255.0 |   enp0s3  |   U   |
[   17.232586] cloud-init[944]: ci-info: +-------+-------------+----------+---------------+-----------+-------+
[   17.233047] [cloud-init[0;32m  OK  [0m[944]: ] ci-info: +++++++++++++++++++Route IPv6 info+++++++++++++++++++Reached target System Initialization.

[   17.234809] cloud-init[944]: ci-info: +-------+-------------+---------+-----------+-------+
[   17.244733] cloud-init[944]: ci-info: | Route | Destination | Gateway | Interface | Flags |
[   17.248021] cloud-init[944]: ci-info: +-------+-------------+---------+-----------+-------+
[   17.252275] cloud-init[944]: ci-info: |   0   |  fe80::/64  |    ::   |   enp0s3  |   U   |
[   17.253005] cloud-init[944]: ci-info: |   3   |   ff00::/8  |    ::   |   enp0s3  |   U   |
[   17.253307] cloud-init[944]: ci-info: +-------+-------------+---------+-----------+-------+
[[0;32m  OK  [0m] Started ACPI Events Check.
[   17.257377] cloud-init[944]: Generating public/private rsa key pair.
[[0;32m  OK  [0m] Reached target Paths.
[   17.262851] cloud-init[944]: Your identification has been saved in /etc/ssh/ssh_host_rsa_key.
[   17.272274] cloud-init[944]: Your public key has been saved in /etc/ssh/ssh_host_rsa_key.pub.
         Starting LXD - unix socket.
[   17.273332] cloud-init[944]: The key fingerprint is:
[   17.292388] cloud-init[944]: SHA256:ADTqNsP8/+zdpNZY7Z7+Y0Zh7JQxoVLlHMI1qmiuN0Q root@ubuntu-xenial
[   17.292860] cloud-init[944]: The key's randomart image is:
[[0;32m  OK  [0m] Listening on UUID daemon activation socket.
[   17.293583] cloud-init[944]: +---[RSA 2048]----+
[   17.309748] cloud-init[944]: |   .+       .oo*.|
[   17.311557] cloud-init[944]: |   . o      ..*oo|
[   17.312640] cloud-init[944]: |  .   .    . o.o+|
[[0;32m  OK  [0m] Listening on ACPID Listen Socket.
[   17.313768] cloud-init[944]: [| +     . E. o  * |[0;32m  OK  [0m
] Started Daily Cleanup of Temporary Directories.
[[   17.330904] cloud-init[944]: |  B     So . .+ .|
[   17.349659] cloud-init[944]: | . +    o.  . .o |
[   17.350859] cloud-init[944]: |    .   .. +...  |
[   17.351603] cloud-init[944]: |     . ..+o+. .= |
[   17.353372] cloud-init[944]: |      .+=.+ .o*.o|
[   17.354686] cloud-init[944]: +----[SHA256]-----+
[0;32m  OK  [0m] Listening on D-Bus System Message Bus Socket.
[   17.355050] cloud-init[944]: Generating public/private dsa key pair.
[   17.372928] cloud-init[944]: Your identification has been saved in /etc/ssh/ssh_host_dsa_key.
[   17.373606]          cloud-initStarting Socket activation for snappy daemon.[944]: 
Your public key has been saved in /etc/ssh/ssh_host_dsa_key.pub.
[   17.389248] cloud-init[944]: The key fingerprint is:
[   17.390021] cloud-init[944]: SHA256:i1q4RY6AtTRizZxeNeY7Ir07kabx9gGULuWrpEnVE8g root@ubuntu-xenial
[   17.391445] cloud-init[944]: The key's randomart image is:
[   17.393265] cloud-init[944]: +---[DSA 1024]----+
[[0;32m  OK  [0m] Started Daily apt download activities.
[[   17.394008] cloud-init[944]: |       +         |
[   17.400493] cloud-init[944]: |  = o = .        |
[0;32m  OK  [0m] Started Daily apt upgrade and clean activities.
[[   17.400726] cloud-init[944]: |..+E * .         |
[   17.418568] cloud-init[944]: |.=.oO . .        |
[0;32m  OK  [0m] Reached target Timers.
[   17.420543] cloud-init[944]: |. o= OooS        |
[   17.430758] cloud-init[944]: |  .ooO*...       |
[   17.441210] cloud-init[944]: | . .Bo*..        |
[   17.442825] cloud-init[944]: |. +..O. .        |
[   17.444282] cloud-init[944]: | o .+.o.         |
[   17.444713] cloud-init[944]: +----[SHA256]-----+
[   17.446714] cloud-init[944]: Generating public/private ecdsa key pair.
[[0;32m  OK  [0m] Listening on LXD - unix socket.
[   17.447160] cloud-init[944]: Your identification has been saved in /etc/ssh/ssh_host_ecdsa_key.
[   17.451347] cloud-init[944]: Your public key has been saved in /etc/ssh/ssh_host_ecdsa_key.pub.
[   17.454917] cloud-init[944]: The key fingerprint is:
[   17.457358] cloud-init[944]: SHA256:rFNk2qU/UVSCUrhVmviGWs1m8p9i1ggxJQruUVfZ9Y4 root@ubuntu-xenial
[   17.457995] cloud-init[944]: The key's randomart image is:
[   17.460298] cloud-init[944]: +---[ECDSA 256]---+
[   17.460344] cloud-init[944]: |         +o=+oo  |
[   17.460460] cloud-init[944]: |    . . =.=+.. . |
[   17.460572] cloud-init[944]: |   . o o+*+ .   .|
[   17.460619] cloud-init[944]: |    o .*+B .   o |
[   17.460659] cloud-init[944]: |   . .. SoO   E .|
[   17.460716] cloud-init[944]: |    .  =.B .     |
[   17.460816] cloud-init[944]: |      +  .+o     |
[   17.460903] cloud-init[944]: |       .  =o..   |
[   17.460954] cloud-init[944]: |         o .o    |
[   17.461004] cloud-init[944]: +----[SHA256]-----+
[   17.461062] cloud-init[944]: Generating public/private ed25519 key pair.
[   17.461121] cloud-init[944]: Your identification has been saved in /etc/ssh/ssh_host_ed25519_key.
[   17.461180] cloud-init[944]: Your public key has been saved in /etc/ssh/ssh_host_ed25519_key.pub.
[   17.461224] cloud-init[944]: The key fingerprint is:
[   17.461375] cloud-init[944]: SHA256:fxWADnufokm9tcKK7LBNtbu/Abz/YsGwq8W7HBjAowQ root@ubuntu-xenial
[   17.461950] cloud-init[944]: The key's randomart image is:
[   17.462838] cloud-init[944]: +--[ED25519 256]--+
[   17.462985] cloud-init[944]: |E          ..    |
[   17.463120] cloud-init[944]: | . .    . .  .   |
[[0;32m  OK  [0m] Listening on Socket activation for snappy daemon.
[   17.464656] cloud-init[944]: |  . +    +    .  |
[   17.563302] [[0;32m  OK  [0m] Started iSCSI initiator daemon (iscsid).
cloud-init[944]: | . . o .o o    . |
[   17.577505] cloud-init[944]: |  .   . S* . ..  |
[   17.579706] cloud-init[944]: |       =o== +.   |
[   17.582382] cloud-init[944]: |    . o.*=o=..   |
         Starting Login to default iSCSI targets...
[   17.591417] cloud-init[944]: |     * ++=*o.    |
[[0;32m  OK  [0m] Reached target Sockets.
[[0;32m  OK  [0m] Reached target Basic System.
[   17.605803] cloud-init[944]: |    ..*.B*+=.    |
[   17.625043] cloud-init[944]: +----[SHA256]-----+
         Starting Login Service...
[[0;32m  OK  [0m] Started Regular background program processing daemon.
         Starting Pollinate to seed the pseudo random number generator...
[[0;32m  OK  [0m] Started D-Bus System Message Bus.
         Starting /etc/rc.local Compatibility...
         Starting LSB: Record successful boot for GRUB...
         Starting Snappy daemon...
         Starting System Logging Service...
[[0;32m  OK  [0m] Started Unattended Upgrades Shutdown.
         Starting LSB: MD monitoring daemon...
         Starting LXD - container startup/shutdown...
         Starting Accounts Service...
[[0;32m  OK  [0m] Started ACPI event daemon.
[[0;32m  OK  [0m] Started Deferred execution scheduler.
[[0;32m  OK  [0m] Started FUSE filesystem for LXC.
         Starting Virtualbox guest utils...
[[0;32m  OK  [0m] Started System Logging Service.
[[0;32m  OK  [0m] Started /etc/rc.local Compatibility.
[[0;32m  OK  [0m] Started LXD - container startup/shutdown.
[[0;32m  OK  [0m] Started LSB: Record successful boot for GRUB.
[[0;32m  OK  [0m] Started Login to default iSCSI targets.
[[0;32m  OK  [0m] Started LSB: MD monitoring daemon.
[[0;32m  OK  [0m] Started Snappy daemon.
[[0;32m  OK  [0m] Started Login Service.
[[0;32m  OK  [0m] Started Pollinate to seed the pseudo random number generator.
[[0;32m  OK  [0m] Started Virtualbox guest utils.
         Starting OpenBSD Secure Shell server...
         Starting Authenticate and Authorize Users to Run Privileged Tasks...
         Starting Wait until snapd is fully seeded...
[[0;32m  OK  [0m] Reached target Remote File Systems (Pre).
[[0;32m  OK  [0m] Reached target Remote File Systems.
         Starting Permit User Sessions...
         Starting LSB: Set the CPU Frequency Scaling governor to "ondemand"...
         Starting LSB: automatic crash report generation...
         Starting LSB: daemon to balance interrupts for SMP systems...
[[0;32m  OK  [0m] Started OpenBSD Secure Shell server.
[[0;32m  OK  [0m] Started Permit User Sessions.
[[0;32m  OK  [0m] Started Authenticate and Authorize Users to Run Privileged Tasks.
[[0;32m  OK  [0m] Started Accounts Service.
[[0;32m  OK  [0m] Started LSB: Set the CPU Frequency Scaling governor to "ondemand".
         Starting Terminate Plymouth Boot Screen...
         Starting Hold until boot process finishes up...
[[0;32m  OK  [0m] Started LSB: automatic crash report generation.
[[0;32m  OK  [0m] Started LSB: daemon to balance interrupts for SMP systems.
[[0;32m  OK  [0m] Started Terminate Plymouth Boot Screen.
[[0;32m  OK  [0m] Started Hold until boot process finishes up.
[[0;32m  OK  [0m] Started Serial Getty on ttyS0.
[[0;32m  OK  [0m] Started Getty on tty1.
[[0;32m  OK  [0m] Reached target Login Prompts.
         Starting Set console scheme...
[[0;32m  OK  [0m] Started Wait until snapd is fully seeded.
[[0;32m  OK  [0m] Started Set console scheme.
         Starting Apply the settings specified in cloud-config...
[[0;32m  OK  [0m] Reached target Multi-User System.
[[0;32m  OK  [0m] Reached target Graphical Interface.
         Starting Update UTMP about System Runlevel Changes...
[[0;32m  OK  [0m] Started Update UTMP about System Runlevel Changes.
[   19.303330] cloud-init[1266]: Generating locales (this might take a while)...
[   20.277150] cloud-init[1266]:   en_US.UTF-8... done
[   20.279606] cloud-init[1266]: Generation complete.
[   20.621962] cloud-init[1266]: Cloud-init v. 18.3-9-g2e62cb8a-0ubuntu1~16.04.2 running 'modules:config' at Thu, 30 Aug 2018 22:04:14 +0000. Up 19.15 seconds.
[[0;32m  OK  [0m] Started Apply the settings specified in cloud-config.
         Starting Execute cloud user/final scripts...
ci-info: no authorized ssh keys fingerprints found for user ubuntu.
<14>Aug 30 22:04:16 ec2: 
<14>Aug 30 22:04:16 ec2: #############################################################
<14>Aug 30 22:04:16 ec2: -----BEGIN SSH HOST KEY FINGERPRINTS-----
<14>Aug 30 22:04:16 ec2: 1024 SHA256:i1q4RY6AtTRizZxeNeY7Ir07kabx9gGULuWrpEnVE8g root@ubuntu-xenial (DSA)
<14>Aug 30 22:04:16 ec2: 256 SHA256:rFNk2qU/UVSCUrhVmviGWs1m8p9i1ggxJQruUVfZ9Y4 root@ubuntu-xenial (ECDSA)
<14>Aug 30 22:04:16 ec2: 256 SHA256:fxWADnufokm9tcKK7LBNtbu/Abz/YsGwq8W7HBjAowQ root@ubuntu-xenial (ED25519)
<14>Aug 30 22:04:16 ec2: 2048 SHA256:ADTqNsP8/+zdpNZY7Z7+Y0Zh7JQxoVLlHMI1qmiuN0Q root@ubuntu-xenial (RSA)
<14>Aug 30 22:04:16 ec2: -----END SSH HOST KEY FINGERPRINTS-----
<14>Aug 30 22:04:16 ec2: #############################################################
-----BEGIN SSH HOST KEY KEYS-----
ecdsa-sha2-nistp256 AAAAE2VjZHNhLXNoYTItbmlzdHAyNTYAAAAIbmlzdHAyNTYAAABBBJnNg8In46d7d4OMjt0wGXsO/bT5DOp7pSnCrphV4gihgnwbwgSAa2L1gbJHsfkxoAmrLNFW1+bQBg9r10jDC24= root@ubuntu-xenial
ssh-ed25519 AAAAC3NzaC1lZDI1NTE5AAAAIJE7DYbqKnjp8CgfycZHdR0pAsoWR0TEJehgKxaPYFcD root@ubuntu-xenial
ssh-rsa AAAAB3NzaC1yc2EAAAADAQABAAABAQD0jrJooFgYesD4RRktTAn7ptIY/Ys2tGXTANrNkGp8KxGM0RBAysSJMWrdbZX6G9+iNbY7pAMh4AJEzIrATiZc3hC01TLnYLMFAA8C42CgoWVgds5W/0uGF1lS0y4BO6XxUfBA9PsYvvODpr3DNWiSfzq1DAzeH+cB6XwOVluWCxIO0S1TO7Ra+gmScYM1Ar1xZy7DkIBtc37nxUZ9H3RErL73wGf6xRi6zw3lq97df2Bhnyovc+UTcZ705P3W4LnEznsBaLHbEa0nAWbZEVbJZ4aO3E7y+YJY3F+E09AOgqxUXsh91G4z+1Ao+F0lcisncBEMPclMrn/IyaTr8am/ root@ubuntu-xenial
-----END SSH HOST KEY KEYS-----
[   21.501326] cloud-init[1309]: Cloud-init v. 18.3-9-g2e62cb8a-0ubuntu1~16.04.2 running 'modules:final' at Thu, 30 Aug 2018 22:04:16 +0000. Up 20.96 seconds.
[   21.510563] cloud-init[1309]: ci-info: no authorized ssh keys fingerprints found for user ubuntu.
[   21.524269] cloud-init[1309]: Cloud-init v. 18.3-9-g2e62cb8a-0ubuntu1~16.04.2 finished at Thu, 30 Aug 2018 22:04:16 +0000. Datasource DataSourceNoCloud [seed=/dev/sdb][dsmode=net].  Up 21.49 seconds
[[0;32m  OK  [0m] Started Execute cloud user/final scripts.
[[0;32m  OK  [0m] Reached target Cloud-init target.

Ubuntu 16.04.5 LTS ubuntu-xenial ttyS0

ubuntu-xenial login: 